// Jest Snapshot v1, https://goo.gl/fbAQLP

exports[`Range (unit tests) when uses default props should match the snapshot 1`] = `
<kv-range step="1" value="0">
  <mock:shadow-root>
    <div class="range-container">
      <input class="slider" id="slider" step="1" type="range" value="0" style="background: linear-gradient(90deg, var(--slider-background-filled) NaN%, var(--slider-background-empty) NaN%);">
      <span class="select-value" id="select-value" style="left: NaN%; margin-left: NaNpx;">
        0
      </span>
      <div class="range-min-max">
        <span></span>
        <span></span>
      </div>
    </div>
  </mock:shadow-root>
</kv-range>
`;
