// Jest Snapshot v1, https://goo.gl/fbAQLP

exports[`Absolute Time Picker (unit tests) when default props and initial date are used should match the snapshot 1`] = `
<kv-absolute-time-picker>
  <div class="absolute-time-picker-container">
    <div class="header">
      <div class="title">
        Custom Interval
      </div>
    </div>
    <div class="absolute-range-input">
      <kv-date-time-input highlighted="" inputname="from-input" label="From" placeholder="dd-mm-yyyy 00:00:00" size="small" useinputmask="" value=""></kv-date-time-input>
      <kv-date-time-input inputname="to-input" label="To" placeholder="dd-mm-yyyy 00:00:00" size="small" useinputmask="" value=""></kv-date-time-input>
    </div>
    <div class="calendars">
      <kv-calendar displaypreviousmontharrow="" hovereddate="" initialdate="2023-03-03" maxdate="3000-12-31" mindate="2018-01-01" mode="range"></kv-calendar>
      <kv-calendar displaynextmontharrow="" hovereddate="" initialdate="2023-04-03" maxdate="3000-12-31" mindate="2018-01-01" mode="range"></kv-calendar>
    </div>
  </div>
</kv-absolute-time-picker>
`;
