// Jest Snapshot v1, https://goo.gl/fbAQLP

exports[`KvBreadcrumbItem (unit tests) when the component loads should match the snapshot 1`] = `
<kv-breadcrumb-item active="" label="Awesome Label">
  <mock:shadow-root>
    <div class="breadcrumb-item breadcrumb-item--active">
      <slot>
        Awesome Label
      </slot>
    </div>
  </mock:shadow-root>
</kv-breadcrumb-item>
`;
