// Jest Snapshot v1, https://goo.gl/fbAQLP

exports[`KvInputWrapper (unit tests) when the component loads should match the snapshot 1`] = `
<kv-input-wrapper>
  <mock:shadow-root>
    <div class="input-container input-container--content-hidden">
      <div class="label-container">
        <div class="label">
          Label
        </div>
        <kv-icon name="kv-edit"></kv-icon>
      </div>
    </div>
  </mock:shadow-root>
</kv-input-wrapper>
`;
