// Jest Snapshot v1, https://goo.gl/fbAQLP

exports[`Advance Date Select Dropdown (unit tests) when uses default props should match the snapshot 1`] = `
<kv-advanced-date-select-dropdown class="advanced-date-select-dropdown" custom-class="">
  <kv-dropdown clickoutsideclose="" zindex="9004">
    <div class="advanced-date-select-calendar-container" id="calendar">
      <kv-calendar-advanced-date-selector selectedtimezone="Europe/Lisbon"></kv-calendar-advanced-date-selector>
      <div class="footer">
        <div class="selected-time"></div>
        <div class="actions">
          <kv-action-button-text text="Cancel" type="tertiary"></kv-action-button-text>
          <kv-action-button-text disabled="" text="Apply" type="primary"></kv-action-button-text>
        </div>
      </div>
    </div>
  </kv-dropdown>
</kv-advanced-date-select-dropdown>
`;
