// Jest Snapshot v1, https://goo.gl/fbAQLP

exports[`Loader (unit tests) when has overlay should match the snapshot 1`] = `
<kv-switch-button
  has-overlay=""
  is-loading=""
/>
`;

exports[`Loader (unit tests) when is loading should match the snapshot 1`] = `
<kv-loader is-loading="">
  <mock:shadow-root>
    <div class="loader-container">
      <div class="loader"></div>
    </div>
  </mock:shadow-root>
</kv-loader>
`;

exports[`Loader (unit tests) when uses default props should match the snapshot 1`] = `
<kv-loader>
  <mock:shadow-root></mock:shadow-root>
</kv-loader>
`;
