// Jest Snapshot v1, https://goo.gl/fbAQLP

exports[`Radio Button (unit tests) when rendering with default props should match the snapshot 1`] = `
<kv-checkbox>
  <mock:shadow-root>
    <kv-icon name="icon-uncheck-state" part="icon"></kv-icon>
  </mock:shadow-root>
</kv-checkbox>
`;
