// Jest Snapshot v1, https://goo.gl/fbAQLP

exports[`Radio Button Group (unit tests) when rendering with default props should match the snapshot 1`] = `
<kv-radio-button-group>
  <mock:shadow-root>
    <kv-radio-button exportparts="radio-button" label="Option 1" value="opt1"></kv-radio-button>
    <kv-radio-button exportparts="radio-button" label="Option 2" value="opt2"></kv-radio-button>
    <kv-radio-button disabled="" exportparts="radio-button" label="Option 3" value="opt3"></kv-radio-button>
    <kv-radio-button exportparts="radio-button" label="Option 4" value="opt4"></kv-radio-button>
  </mock:shadow-root>
</kv-radio-button-group>
`;
