// Jest Snapshot v1, https://goo.gl/fbAQLP

exports[`Radio Button Group (unit tests) when rendering with required props should match the snapshot 1`] = `
<kv-radio-button-group>
  <mock:shadow-root>
    <kv-radio-button id="0" label="Option 1"></kv-radio-button>
    <kv-radio-button id="1" label="Option 2"></kv-radio-button>
    <kv-radio-button disabled="" id="2" label="Option 3"></kv-radio-button>
    <kv-radio-button checked="" id="3" label="Option 4"></kv-radio-button>
  </mock:shadow-root>
</kv-radio-button-group>
`;
