// Jest Snapshot v1, https://goo.gl/fbAQLP

exports[`Single Date Input (unit tests) when uses default props should match the snapshot 1`] = `
<kv-single-date-select-dropdown>
  <mock:shadow-root>
    <div class="single-date-select-dropdown">
      <kv-dropdown icon="kv-calendar" placeholder="Select a date" state="none" type="text">
        <div class="calendar-container">
          <kv-calendar-single-date-selector></kv-calendar-single-date-selector>
        </div>
      </kv-dropdown>
    </div>
  </mock:shadow-root>
</kv-single-date-select-dropdown>
`;
