// Jest Snapshot v1, https://goo.gl/fbAQLP

exports[`Time Picker Calendar Day (unit tests) when uses default props should match the snapshot 1`] = `
<kv-time-picker-calendar-day day="12">
  <mock:shadow-root>
    <div class="time-picker-calendar-day" part="day-container">
      12
    </div>
  </mock:shadow-root>
</kv-time-picker-calendar-day>
`;
